#-----------------------------------------------------------
# Vivado v2020.1 (64-bit)
# SW Build 2902540 on Wed May 27 19:54:49 MDT 2020
# IP Build 2902112 on Wed May 27 22:43:36 MDT 2020
# Start of session at: Fri Nov  8 17:43:04 2024
# Process ID: 25760
# Current directory: C:/Users/ddddd/OneDrive/Desktop/Semester 3/DLD/Project/DLD Two Player Snake
# Command line: vivado.exe -gui_launcher_event rodinguilauncherevent22376 C:\Users\ddddd\OneDrive\Desktop\Semester 3\DLD\Project\DLD Two Player Snake\snake_game.xpr
# Log file: C:/Users/ddddd/OneDrive/Desktop/Semester 3/DLD/Project/DLD Two Player Snake/vivado.log
# Journal file: C:/Users/ddddd/OneDrive/Desktop/Semester 3/DLD/Project/DLD Two Player Snake\vivado.jou
#-----------------------------------------------------------
start_gui
open_project {C:/Users/ddddd/OneDrive/Desktop/Semester 3/DLD/Project/DLD Two Player Snake/snake_game.xpr}
export_ip_user_files -of_objects  [get_files {{C:/Users/ddddd/OneDrive/Desktop/Semester 3/DLD/Project/hw/hw.srcs/sources_1/imports/hdl/top.v}}] -no_script -reset -force -quiet
remove_files  {{C:/Users/ddddd/OneDrive/Desktop/Semester 3/DLD/Project/hw/hw.srcs/sources_1/imports/hdl/top.v}}
export_ip_user_files -of_objects  [get_files {{C:/Users/ddddd/OneDrive/Desktop/Semester 3/DLD/Project/hw/hw.srcs/sources_1/imports/hdl/bin2ascii.v}}] -no_script -reset -force -quiet
export_ip_user_files -of_objects  [get_files {{C:/Users/ddddd/OneDrive/Desktop/Semester 3/DLD/Project/hw/hw.srcs/sources_1/imports/hdl/uart_buf_con.v}}] -no_script -reset -force -quiet
export_ip_user_files -of_objects  [get_files {{C:/Users/ddddd/OneDrive/Desktop/Semester 3/DLD/Project/hw/hw.srcs/sources_1/imports/hdl/uart_tx.v}}] -no_script -reset -force -quiet
remove_files  {{C:/Users/ddddd/OneDrive/Desktop/Semester 3/DLD/Project/hw/hw.srcs/sources_1/imports/hdl/bin2ascii.v} {C:/Users/ddddd/OneDrive/Desktop/Semester 3/DLD/Project/hw/hw.srcs/sources_1/imports/hdl/uart_buf_con.v} {C:/Users/ddddd/OneDrive/Desktop/Semester 3/DLD/Project/hw/hw.srcs/sources_1/imports/hdl/uart_tx.v}}
export_ip_user_files -of_objects  [get_files {{C:/Users/ddddd/OneDrive/Desktop/Semester 3/DLD/Project/DLD Two Player Snake/snake_game.srcs/sources_1/new/VGA_Int_TB.v}}] -no_script -reset -force -quiet
remove_files  {{C:/Users/ddddd/OneDrive/Desktop/Semester 3/DLD/Project/DLD Two Player Snake/snake_game.srcs/sources_1/new/VGA_Int_TB.v}}
