Copyright 1986-2020 Xilinx, Inc. All Rights Reserved.
-------------------------------------------------------------------------------------------------------------------------------------------------------
| Tool Version     : Vivado v.2020.1 (win64) Build 2902540 Wed May 27 19:54:49 MDT 2020
| Date             : Fri Dec 13 01:28:34 2024
| Host             : Taha running 64-bit major release  (build 9200)
| Command          : report_power -file Master_Game_power_routed.rpt -pb Master_Game_power_summary_routed.pb -rpx Master_Game_power_routed.rpx
| Design           : Master_Game
| Device           : xc7a35tcpg236-1
| Design State     : routed
| Grade            : commercial
| Process          : typical
| Characterization : Production
-------------------------------------------------------------------------------------------------------------------------------------------------------

Power Report

Table of Contents
-----------------
1. Summary
1.1 On-Chip Components
1.2 Power Supply Summary
1.3 Confidence Level
2. Settings
2.1 Environment
2.2 Clock Constraints
3. Detailed Reports
3.1 By Hierarchy

1. Summary
----------

+--------------------------+--------------+
| Total On-Chip Power (W)  | 7.981        |
| Design Power Budget (W)  | Unspecified* |
| Power Budget Margin (W)  | NA           |
| Dynamic (W)              | 7.867        |
| Device Static (W)        | 0.114        |
| Effective TJA (C/W)      | 5.0          |
| Max Ambient (C)          | 45.1         |
| Junction Temperature (C) | 64.9         |
| Confidence Level         | Low          |
| Setting File             | ---          |
| Simulation Activity File | ---          |
| Design Nets Matched      | NA           |
+--------------------------+--------------+
* Specify Design Power Budget using, set_operating_conditions -design_power_budget <value in Watts>


1.1 On-Chip Components
----------------------

+----------------+-----------+----------+-----------+-----------------+
| On-Chip        | Power (W) | Used     | Available | Utilization (%) |
+----------------+-----------+----------+-----------+-----------------+
| Slice Logic    |     4.072 |    10510 |       --- |             --- |
|   LUT as Logic |     3.878 |     7805 |     20800 |           37.52 |
|   Register     |     0.105 |     1088 |     41600 |            2.62 |
|   CARRY4       |     0.082 |      575 |      8150 |            7.06 |
|   BUFG         |     0.006 |        1 |        32 |            3.13 |
|   Others       |     0.000 |      127 |       --- |             --- |
| Signals        |     3.174 |     7641 |       --- |             --- |
| I/O            |     0.621 |       17 |       106 |           16.04 |
| Static Power   |     0.114 |          |           |                 |
| Total          |     7.981 |          |           |                 |
+----------------+-----------+----------+-----------+-----------------+


1.2 Power Supply Summary
------------------------

+-----------+-------------+-----------+-------------+------------+-------------+-------------+------------+
| Source    | Voltage (V) | Total (A) | Dynamic (A) | Static (A) | Powerup (A) | Budget (A)  | Margin (A) |
+-----------+-------------+-----------+-------------+------------+-------------+-------------+------------+
| Vccint    |       1.000 |     7.302 |       7.258 |      0.044 |       NA    | Unspecified | NA         |
| Vccaux    |       1.800 |     0.039 |       0.022 |      0.016 |       NA    | Unspecified | NA         |
| Vcco33    |       3.300 |     0.173 |       0.172 |      0.001 |       NA    | Unspecified | NA         |
| Vcco25    |       2.500 |     0.000 |       0.000 |      0.000 |       NA    | Unspecified | NA         |
| Vcco18    |       1.800 |     0.000 |       0.000 |      0.000 |       NA    | Unspecified | NA         |
| Vcco15    |       1.500 |     0.000 |       0.000 |      0.000 |       NA    | Unspecified | NA         |
| Vcco135   |       1.350 |     0.000 |       0.000 |      0.000 |       NA    | Unspecified | NA         |
| Vcco12    |       1.200 |     0.000 |       0.000 |      0.000 |       NA    | Unspecified | NA         |
| Vccaux_io |       1.800 |     0.000 |       0.000 |      0.000 |       NA    | Unspecified | NA         |
| Vccbram   |       1.000 |     0.001 |       0.000 |      0.001 |       NA    | Unspecified | NA         |
| MGTAVcc   |       1.000 |     0.000 |       0.000 |      0.000 |       NA    | Unspecified | NA         |
| MGTAVtt   |       1.200 |     0.000 |       0.000 |      0.000 |       NA    | Unspecified | NA         |
| Vccadc    |       1.800 |     0.020 |       0.000 |      0.020 |       NA    | Unspecified | NA         |
+-----------+-------------+-----------+-------------+------------+-------------+-------------+------------+


1.3 Confidence Level
--------------------

+-----------------------------+------------+--------------------------------------------------------+--------------------------------------------------------------------------------------------------------------------+
| User Input Data             | Confidence | Details                                                | Action                                                                                                             |
+-----------------------------+------------+--------------------------------------------------------+--------------------------------------------------------------------------------------------------------------------+
| Design implementation state | High       | Design is routed                                       |                                                                                                                    |
| Clock nodes activity        | Low        | User specified less than 75% of clocks                 | Provide missing clock activity with a constraint file, simulation results or by editing the "By Clock Domain" view |
| I/O nodes activity          | Low        | More than 75% of inputs are missing user specification | Provide missing input activity with simulation results or by editing the "By Resource Type -> I/Os" view           |
| Internal nodes activity     | Medium     | User specified less than 25% of internal nodes         | Provide missing internal nodes activity with simulation results or by editing the "By Resource Type" views         |
| Device models               | High       | Device models are Production                           |                                                                                                                    |
|                             |            |                                                        |                                                                                                                    |
| Overall confidence level    | Low        |                                                        |                                                                                                                    |
+-----------------------------+------------+--------------------------------------------------------+--------------------------------------------------------------------------------------------------------------------+


2. Settings
-----------

2.1 Environment
---------------

+-----------------------+--------------------------+
| Ambient Temp (C)      | 25.0                     |
| ThetaJA (C/W)         | 5.0                      |
| Airflow (LFM)         | 250                      |
| Heat Sink             | medium (Medium Profile)  |
| ThetaSA (C/W)         | 4.6                      |
| Board Selection       | medium (10"x10")         |
| # of Board Layers     | 12to15 (12 to 15 Layers) |
| Board Temperature (C) | 25.0                     |
+-----------------------+--------------------------+


2.2 Clock Constraints
---------------------

+-------+--------+-----------------+
| Clock | Domain | Constraint (ns) |
+-------+--------+-----------------+


3. Detailed Reports
-------------------

3.1 By Hierarchy
----------------

+---------------------+-----------+
| Name                | Power (W) |
+---------------------+-----------+
| Master_Game         |     7.867 |
|   keyboard_receiver |     0.298 |
|     db_clk          |     0.064 |
|     db_data         |     0.113 |
|   msm               |     0.003 |
|   nsm1              |     0.003 |
|   nsm2              |     0.002 |
|   s1                |     1.018 |
|     A               |     0.003 |
|     C               |     0.003 |
|     E__0            |     0.003 |
|     I               |     0.002 |
|     K               |     0.004 |
|     L               |     0.004 |
|     LIVES_E         |     0.002 |
|     LIVES_I         |     0.002 |
|     LIVES_L         |     0.123 |
|     LIVES_S         |     0.004 |
|     LIVES_V         |     0.021 |
|     LIVES_heart_1   |     0.016 |
|     LIVES_heart_2   |     0.006 |
|     LIVES_heart_3   |     0.004 |
|     LOSE_E          |     0.007 |
|     LOSE_L          |     0.016 |
|     LOSE_O          |     0.014 |
|     LOSE_S          |     0.004 |
|     M               |     0.024 |
|     N               |     0.007 |
|     O               |     0.003 |
|     P               |     0.006 |
|     P1_1            |     0.015 |
|     P1_P            |     0.005 |
|     P2_2            |     0.004 |
|     P2_P            |     0.005 |
|     P_A             |     0.002 |
|     P_E             |     0.004 |
|     P_P_E           |     0.002 |
|     P_R             |     0.006 |
|     P_S             |     0.004 |
|     R               |     0.002 |
|     S__0            |     0.005 |
|     T               |     0.016 |
|     TARGET_A        |     0.007 |
|     TARGET_E        |     0.003 |
|     TARGET_G        |     0.004 |
|     TARGET_R        |     0.003 |
|     TARGET_T        |     0.005 |
|     TARGET_T_2      |     0.004 |
|     T_E             |     0.003 |
|     T_R             |     0.240 |
|     WIN_N           |     0.012 |
|     WIN_O           |     0.003 |
|     WIN_U           |     0.003 |
|     WIN_W           |     0.004 |
|     WIN_Y           |     0.005 |
|     Y               |     0.005 |
|     moveSnake       |     0.183 |
|   sc                |     0.231 |
|   t1                |     0.174 |
|   tg                |     3.152 |
|   vgai              |     2.260 |
|     vga             |     2.260 |
|       CounterTo3    |     0.073 |
|       CounterTo520  |     0.003 |
|       CounterTo799  |     0.044 |
+---------------------+-----------+


