Copyright 1986-2020 Xilinx, Inc. All Rights Reserved.
----------------------------------------------------------------------------------------
| Tool Version : Vivado v.2020.1 (win64) Build 2902540 Wed May 27 19:54:49 MDT 2020
| Date         : Fri Dec 13 06:29:26 2024
| Host         : Taha running 64-bit major release  (build 9200)
| Command      : report_control_sets -verbose -file Master_Game_control_sets_placed.rpt
| Design       : Master_Game
| Device       : xc7a35t
----------------------------------------------------------------------------------------

Control Set Information

Table of Contents
-----------------
1. Summary
2. Histogram
3. Flip-Flop Distribution
4. Detailed Control Set Information

1. Summary
----------

+----------------------------------------------------------+-------+
|                          Status                          | Count |
+----------------------------------------------------------+-------+
| Total control sets                                       |    26 |
|    Minimum number of control sets                        |    26 |
|    Addition due to synthesis replication                 |     0 |
|    Addition due to physical synthesis replication        |     0 |
| Unused register locations in slices containing registers |    97 |
+----------------------------------------------------------+-------+
* Control sets can be merged at opt_design using control_set_merge or merge_equivalent_drivers
** Run report_qor_suggestions for automated merging and remapping suggestions


2. Histogram
------------

+--------------------+-------+
|       Fanout       | Count |
+--------------------+-------+
| Total control sets |    26 |
| >= 0 to < 4        |     3 |
| >= 4 to < 6        |     7 |
| >= 6 to < 8        |     3 |
| >= 8 to < 10       |     6 |
| >= 10 to < 12      |     0 |
| >= 12 to < 14      |     0 |
| >= 14 to < 16      |     0 |
| >= 16              |     7 |
+--------------------+-------+
* Control sets can be remapped at either synth_design or opt_design


3. Flip-Flop Distribution
-------------------------

+--------------+-----------------------+------------------------+-----------------+--------------+
| Clock Enable | Synchronous Set/Reset | Asynchronous Set/Reset | Total Registers | Total Slices |
+--------------+-----------------------+------------------------+-----------------+--------------+
| No           | No                    | No                     |              47 |           21 |
| No           | No                    | Yes                    |              72 |           24 |
| No           | Yes                   | No                     |             102 |           43 |
| Yes          | No                    | No                     |             704 |          337 |
| Yes          | No                    | Yes                    |             117 |           50 |
| Yes          | Yes                   | No                     |              53 |           24 |
+--------------+-----------------------+------------------------+-----------------+--------------+


4. Detailed Control Set Information
-----------------------------------

+-------------------------------+-----------------------------------------------------+-----------------------------------------------+------------------+----------------+--------------+
|          Clock Signal         |                    Enable Signal                    |                Set/Reset Signal               | Slice Load Count | Bel Load Count | Bels / Slice |
+-------------------------------+-----------------------------------------------------+-----------------------------------------------+------------------+----------------+--------------+
|  CLK_IBUF_BUFG                |                                                     | vgai/vga/CounterTo520/count_value_reg[3]_0    |                1 |              1 |         1.00 |
|  CLK_IBUF_BUFG                |                                                     | vgai/vga/CounterTo799/count_value_reg[6]_0    |                1 |              1 |         1.00 |
|  CLK_IBUF_BUFG                | vgai/vga/CounterTo799/E[0]                          |                                               |                1 |              2 |         2.00 |
|  CLK_IBUF_BUFG                | t1/MINUTES_UNITS[3]_i_1_n_0                         | BTNC_reg_n_0                                  |                3 |              4 |         1.33 |
|  CLK_IBUF_BUFG                | t1/SECONDS_UNITS[3]_i_1_n_0                         | BTNC_reg_n_0                                  |                2 |              4 |         2.00 |
|  CLK_IBUF_BUFG                | sc/SCORE_SNAKE_ONE[3]_i_1_n_0                       | BTNC_reg_n_0                                  |                2 |              4 |         2.00 |
|  CLK_IBUF_BUFG                | sc/SCORE_SNAKE_TWO[3]_i_1_n_0                       | BTNC_reg_n_0                                  |                3 |              4 |         1.33 |
|  CLK_IBUF_BUFG                | vgai/vga/CounterTo3/E[0]                            |                                               |                1 |              4 |         4.00 |
| ~keyboard_receiver/db_clk/clk | keyboard_receiver/cnt                               | keyboard_receiver/cnt[3]_i_1_n_0              |                1 |              4 |         4.00 |
|  CLK_IBUF_BUFG                | keyboard_receiver/db_data/count[4]_i_2__0_n_0       | keyboard_receiver/db_data/count[4]_i_1__0_n_0 |                2 |              5 |         2.50 |
|  CLK_IBUF_BUFG                | vgai/vga/CounterTo3/E[0]                            | vgai/vga/CounterTo799/count_value[9]_i_1_n_0  |                2 |              6 |         3.00 |
|  CLK_IBUF_BUFG                | s1/moveSnake/E[0]                                   | sc/SR[0]                                      |                5 |              7 |         1.40 |
|  CLK_IBUF_BUFG                | s1/moveSnake/FSM_sequential_state_snake_reg[0][0]   | sc/SR[0]                                      |                4 |              7 |         1.75 |
|  CLK_IBUF_BUFG                | s1/moveSnake/FSM_sequential_state_snake_reg[1][0]   | sc/SR[0]                                      |                4 |              8 |         2.00 |
|  CLK_IBUF_BUFG                | s1/moveSnake/FSM_sequential_state_snake_reg[0]_0[0] | sc/SR[0]                                      |                4 |              8 |         2.00 |
|  CLK_IBUF_BUFG                | keyboard_receiver/keycode[7]_i_1_n_0                |                                               |                1 |              8 |         8.00 |
|  CLK_IBUF_BUFG                | vgai/vga/CounterTo799/E[0]                          | vgai/vga/CounterTo520/count_value             |                2 |              8 |         4.00 |
|  CLK_IBUF_BUFG                |                                                     | keyboard_receiver/oflag_reg_0                 |                7 |              9 |         1.29 |
| ~keyboard_receiver/db_clk/clk |                                                     |                                               |                3 |              9 |         3.00 |
|  CLK_IBUF_BUFG                |                                                     | s1/moveSnake/count_value[0]_i_1_n_0           |                7 |             26 |         3.71 |
|  CLK_IBUF_BUFG                |                                                     |                                               |               18 |             38 |         2.11 |
|  CLK_IBUF_BUFG                | msm/counter                                         | BTNC_reg_n_0                                  |               13 |             41 |         3.15 |
|  CLK_IBUF_BUFG                | s1/E[0]                                             | BTNC_reg_n_0                                  |               27 |             60 |         2.22 |
|  CLK_IBUF_BUFG                |                                                     | vgai/vga/VerAddr[8]_i_1_n_0                   |               27 |             65 |         2.41 |
|  CLK_IBUF_BUFG                |                                                     | BTNC_reg_n_0                                  |               24 |             72 |         3.00 |
|  CLK_IBUF_BUFG                | s1/moveSnake/count_value_reg[24]_0[0]               |                                               |              334 |            690 |         2.07 |
+-------------------------------+-----------------------------------------------------+-----------------------------------------------+------------------+----------------+--------------+


